cd ~

touch ${USER}_part3.log

mkdir -p D1/D2/D3

touch D1/D2/file.txt
'Example text' > D1/D2/file.txt

cat D1/D2/file.txt

cd ~/D1/D2/D3

ln -s ../file.txt sym_link.txt

ln  ../file.txt hard_link.txt

ls -li ~/D1/D2/file.txt
131307 -rw-r--r-- 2 eltex-v23 eltex-v23 13 авг 13 17:04 /home/eltex-v23/D1/D2/file.txt

cat hard_link.txt
Example text

cat sym_link.txt
Example text
mv ~/D1/D2/file.txt ~/D1/
cd ~/D1/D2/D3

ls -l
total 4
-rw-r--r-- 2 eltex-v23 eltex-v23 13 авг 13 17:04 hard_link.txt
lrwxrwxrwx 1 eltex-v23 eltex-v23 11 авг 13 17:16 sym_link.txt -> ../file.txt

cat hard_link.txt
Example text

cat sym_link.txt
cat: sym_link.txt: No such file or directory
cd ~
rm -r D1/D2
ls -li D1/
total 4
131307 -rw-r--r-- 1 eltex-v23 eltex-v23 13 авг 13 17:04 file.txt
sudo find / -type f -size +20M 2>/dev/null | tee ${USER}_part3_gt20M.log
du -h $(cat ${USER}_part3_gt20M.log) | sort -h
4,0K    ./2026-01
4,0K    ./2026-02
4,0K    ./2026-03
4,0K    ./2026-04
4,0K    ./2026-05
4,0K    ./2026-06
4,0K    ./2026-07
4,0K    ./2026-08
4,0K    ./2026-09
4,0K    ./2026-10
4,0K    ./2026-11
4,0K    ./2026-12
4,0K    ./.config/procps
4,0K    ./.local/share/nano
8,0K    ./.config
8,0K    ./D1
8,0K    ./.local/share
12K     ./.local
12K     ./.ssh
196K    .

find ~ -type f -mtime -1
/home/eltex-v23/.log
/home/eltex-v23/D1/file.txt
/home/eltex-v23/practice2_eltex-v23_part1.log
/home/eltex-v23/eltex-v23_part3_gt20M.log
/home/eltex-v23/.bash_history
/home/eltex-v23/eltex-v23_part3.log
/home/eltex-v23/.Xauthority

type -a find
find is /usr/bin/find
find is /bin/find

file /usr/bin/find
/usr/bin/find: ELF 64-bit LSB pie executable, x86-64, version 1 (SYSV), dynamically linked, interpreter /lib64/ld-linux-x86-64.so.2, BuildID[sha1]=5545a6c7162d325fbe5ffabcbfe4e5521b66ce70, for GNU/Linux 3.2.0, stripped

file /boot/initrd.img*
/boot/initrd.img-6.1.0-44-amd64: ASCII cpio archive (SVR4 with no CRC)
/boot/initrd.img-6.1.0-50-amd64: ASCII cpio archive (SVR4 with no CRC)